▶ Pi launch resolution
  ✔ returns the bare path form on POSIX without package lookup (0.699125ms)
  ✔ resolves a Windows string bin JavaScript CLI through Node (9.483083ms)
  ✔ resolves a Windows object bin JavaScript CLI through Node (8.572417ms)
  ✔ permits direct Windows native executable package bins (7.090333ms)
  ✔ rejects command shims, scripts, extensionless targets, and unknown extensions (37.532333ms)
  ✔ rejects package bin targets that escape the package root (2.657333ms)
  ✔ rejects malformed manifests, missing manifests, missing bins, and non-file targets (15.832792ms)
  ✔ falls through to the running host script when both module lookups fail on Windows (10.062416ms)
  ✔ walks past a nameless sub-manifest to reach the Pi manifest (5.350875ms)
  ✔ fails closed with every attempt named when the host script belongs to another package (3.275375ms)
  ✔ rejects oversized Windows command lines without leaking argument text (0.341417ms)
✔ Pi launch resolution (102.019416ms)
ℹ tests 11
ℹ suites 1
ℹ pass 11
ℹ fail 0
ℹ cancelled 0
ℹ skipped 0
ℹ todo 0
ℹ duration_ms 217.950416
